
<query>

 <params>
   <structure>pdb3fpv</structure>
   <title>SalamiSearjunkch</title>
   <rmsd_thresh>3</rmsd_thresh>
   <min_f_dme>0.75</min_f_dme>
   <max_n>100</max_n>
   <jobfolder>sensey</jobfolder>
   <add_to_calc>no</add_to_calc>
 </params>

 <results>

  <result id='3fpvA'>
    <pdbid>3fpvA</pdbid>
    <z_scr>    60.7</z_scr>
    <f_dme>       1</f_dme>
    <sw_cvr>  0.12</sw_cvr>
    <seq_id>100</seq_id>
    <asize>     141</asize>
    <rmsd>  0.00</rmsd>
    <q_scr>0.1250</q_scr>
  </result>

  <result id='2a2lD'>
    <pdbid>2a2lD</pdbid>
    <z_scr>      37</z_scr>
    <f_dme>       1</f_dme>
    <sw_cvr>  0.12</sw_cvr>
    <seq_id>26</seq_id>
    <asize>     136</asize>
    <rmsd>  2.63</rmsd>
    <q_scr>0.1206</q_scr>
  </result>

  <result id='1th5A'>
    <pdbid>1th5A</pdbid>
    <z_scr>    9.28</z_scr>
    <f_dme>   0.965</f_dme>
    <sw_cvr>  0.06</sw_cvr>
    <seq_id>15</seq_id>
    <asize>      65</asize>
    <rmsd>  3.98</rmsd>
    <q_scr>0.0556</q_scr>
  </result>

  <result id='1gccA'>
    <pdbid>1gccA</pdbid>
    <z_scr>    11.8</z_scr>
    <f_dme>   0.958</f_dme>
    <sw_cvr>  0.05</sw_cvr>
    <seq_id>12</seq_id>
    <asize>      52</asize>
    <rmsd>  7.66</rmsd>
    <q_scr>0.0442</q_scr>
  </result>

  <result id='3kyeB'>
    <pdbid>3kyeB</pdbid>
    <z_scr>    16.4</z_scr>
    <f_dme>   0.778</f_dme>
    <sw_cvr>  0.10</sw_cvr>
    <seq_id>9</seq_id>
    <asize>     113</asize>
    <rmsd>  2.99</rmsd>
    <q_scr>0.0779</q_scr>
  </result>

  <result id='3t12C'>
    <pdbid>3t12C</pdbid>
    <z_scr>    19.4</z_scr>
    <f_dme>   0.767</f_dme>
    <sw_cvr>  0.10</sw_cvr>
    <seq_id>13</seq_id>
    <asize>     118</asize>
    <rmsd>  3.00</rmsd>
    <q_scr>0.0803</q_scr>
  </result>

  <result id='2jnvA'>
    <pdbid>2jnvA</pdbid>
    <z_scr>    11.7</z_scr>
    <f_dme>   0.872</f_dme>
    <sw_cvr>  0.06</sw_cvr>
    <seq_id>11</seq_id>
    <asize>      66</asize>
    <rmsd>  4.65</rmsd>
    <q_scr>0.0510</q_scr>
  </result>

  <result id='3bidD'>
    <pdbid>3bidD</pdbid>
    <z_scr>    13.5</z_scr>
    <f_dme>   0.972</f_dme>
    <sw_cvr>  0.04</sw_cvr>
    <seq_id>12</seq_id>
    <asize>      40</asize>
    <rmsd>  6.81</rmsd>
    <q_scr>0.0345</q_scr>
  </result>

  <result id='2jucA'>
    <pdbid>2jucA</pdbid>
    <z_scr>    14.9</z_scr>
    <f_dme>    0.99</f_dme>
    <sw_cvr>  0.03</sw_cvr>
    <seq_id>11</seq_id>
    <asize>      35</asize>
    <rmsd>  3.85</rmsd>
    <q_scr>0.0307</q_scr>
  </result>

  <result id='2k7iA'>
    <pdbid>2k7iA</pdbid>
    <z_scr>    11.5</z_scr>
    <f_dme>   0.929</f_dme>
    <sw_cvr>  0.04</sw_cvr>
    <seq_id>16</seq_id>
    <asize>      44</asize>
    <rmsd>  6.82</rmsd>
    <q_scr>0.0362</q_scr>
  </result>

  <result id='2b7eA'>
    <pdbid>2b7eA</pdbid>
    <z_scr>    18.2</z_scr>
    <f_dme>   0.881</f_dme>
    <sw_cvr>  0.05</sw_cvr>
    <seq_id>6</seq_id>
    <asize>      53</asize>
    <rmsd>  4.62</rmsd>
    <q_scr>0.0414</q_scr>
  </result>

  <result id='2e30B'>
    <pdbid>2e30B</pdbid>
    <z_scr>    8.02</z_scr>
    <f_dme>       1</f_dme>
    <sw_cvr>  0.03</sw_cvr>
    <seq_id>9</seq_id>
    <asize>      33</asize>
    <rmsd>  4.64</rmsd>
    <q_scr>0.0293</q_scr>
  </result>

  <result id='3v1cB'>
    <pdbid>3v1cB</pdbid>
    <z_scr>    11.9</z_scr>
    <f_dme>   0.928</f_dme>
    <sw_cvr>  0.04</sw_cvr>
    <seq_id>10</seq_id>
    <asize>      42</asize>
    <rmsd>  6.83</rmsd>
    <q_scr>0.0346</q_scr>
  </result>

  <result id='1xhjA'>
    <pdbid>1xhjA</pdbid>
    <z_scr>    12.3</z_scr>
    <f_dme>   0.824</f_dme>
    <sw_cvr>  0.06</sw_cvr>
    <seq_id>6</seq_id>
    <asize>      67</asize>
    <rmsd>  4.56</rmsd>
    <q_scr>0.0489</q_scr>
  </result>

  <result id='1z09A'>
    <pdbid>1z09A</pdbid>
    <z_scr>    12.8</z_scr>
    <f_dme>   0.761</f_dme>
    <sw_cvr>  0.08</sw_cvr>
    <seq_id>9</seq_id>
    <asize>      95</asize>
    <rmsd>  3.27</rmsd>
    <q_scr>0.0641</q_scr>
  </result>

  <result id='1wh9A'>
    <pdbid>1wh9A</pdbid>
    <z_scr>      14</z_scr>
    <f_dme>    0.82</f_dme>
    <sw_cvr>  0.06</sw_cvr>
    <seq_id>10</seq_id>
    <asize>      68</asize>
    <rmsd>  4.98</rmsd>
    <q_scr>0.0494</q_scr>
  </result>

  <result id='1u7jA'>
    <pdbid>1u7jA</pdbid>
    <z_scr>    9.33</z_scr>
    <f_dme>   0.908</f_dme>
    <sw_cvr>  0.04</sw_cvr>
    <seq_id>13</seq_id>
    <asize>      45</asize>
    <rmsd>  6.56</rmsd>
    <q_scr>0.0362</q_scr>
  </result>

  <result id='3l7hC'>
    <pdbid>3l7hC</pdbid>
    <z_scr>    14.9</z_scr>
    <f_dme>   0.769</f_dme>
    <sw_cvr>  0.08</sw_cvr>
    <seq_id>8</seq_id>
    <asize>      88</asize>
    <rmsd>  3.64</rmsd>
    <q_scr>0.0600</q_scr>
  </result>

  <result id='2j6dA'>
    <pdbid>2j6dA</pdbid>
    <z_scr>    14.6</z_scr>
    <f_dme>    0.83</f_dme>
    <sw_cvr>  0.06</sw_cvr>
    <seq_id>8</seq_id>
    <asize>      63</asize>
    <rmsd>  6.12</rmsd>
    <q_scr>0.0464</q_scr>
  </result>

  <result id='1rl5A'>
    <pdbid>1rl5A</pdbid>
    <z_scr>    18.2</z_scr>
    <f_dme>   0.956</f_dme>
    <sw_cvr>  0.03</sw_cvr>
    <seq_id>6</seq_id>
    <asize>      36</asize>
    <rmsd>  5.80</rmsd>
    <q_scr>0.0305</q_scr>
  </result>

  <result id='3r2nC'>
    <pdbid>3r2nC</pdbid>
    <z_scr>    21.5</z_scr>
    <f_dme>   0.776</f_dme>
    <sw_cvr>  0.07</sw_cvr>
    <seq_id>12</seq_id>
    <asize>      82</asize>
    <rmsd>  4.51</rmsd>
    <q_scr>0.0564</q_scr>
  </result>

  <result id='1ojhE'>
    <pdbid>1ojhE</pdbid>
    <z_scr>      11</z_scr>
    <f_dme>   0.874</f_dme>
    <sw_cvr>  0.04</sw_cvr>
    <seq_id>12</seq_id>
    <asize>      50</asize>
    <rmsd>  7.47</rmsd>
    <q_scr>0.0388</q_scr>
  </result>

  <result id='2kwiB'>
    <pdbid>2kwiB</pdbid>
    <z_scr>    10.8</z_scr>
    <f_dme>   0.877</f_dme>
    <sw_cvr>  0.04</sw_cvr>
    <seq_id>6</seq_id>
    <asize>      49</asize>
    <rmsd> 10.43</rmsd>
    <q_scr>0.0381</q_scr>
  </result>

  <result id='2yf2D'>
    <pdbid>2yf2D</pdbid>
    <z_scr>    11.8</z_scr>
    <f_dme>   0.949</f_dme>
    <sw_cvr>  0.03</sw_cvr>
    <seq_id>8</seq_id>
    <asize>      36</asize>
    <rmsd>  4.34</rmsd>
    <q_scr>0.0303</q_scr>
  </result>

  <result id='2l4jA'>
    <pdbid>2l4jA</pdbid>
    <z_scr>    13.7</z_scr>
    <f_dme>       1</f_dme>
    <sw_cvr>  0.03</sw_cvr>
    <seq_id>7</seq_id>
    <asize>      30</asize>
    <rmsd>  3.47</rmsd>
    <q_scr>0.0266</q_scr>
  </result>

  <result id='1hn3A'>
    <pdbid>1hn3A</pdbid>
    <z_scr>    7.88</z_scr>
    <f_dme>   0.956</f_dme>
    <sw_cvr>  0.03</sw_cvr>
    <seq_id>0</seq_id>
    <asize>      35</asize>
    <rmsd>  5.78</rmsd>
    <q_scr>0.0297</q_scr>
  </result>

  <result id='3o6qB'>
    <pdbid>3o6qB</pdbid>
    <z_scr>    9.92</z_scr>
    <f_dme>   0.903</f_dme>
    <sw_cvr>  0.04</sw_cvr>
    <seq_id>12</seq_id>
    <asize>      43</asize>
    <rmsd>  7.20</rmsd>
    <q_scr>0.0344</q_scr>
  </result>

  <result id='4a9zC'>
    <pdbid>4a9zC</pdbid>
    <z_scr>    8.24</z_scr>
    <f_dme>   0.903</f_dme>
    <sw_cvr>  0.04</sw_cvr>
    <seq_id>7</seq_id>
    <asize>      43</asize>
    <rmsd>  6.96</rmsd>
    <q_scr>0.0344</q_scr>
  </result>

  <result id='1i5hW'>
    <pdbid>1i5hW</pdbid>
    <z_scr>    11.3</z_scr>
    <f_dme>   0.968</f_dme>
    <sw_cvr>  0.03</sw_cvr>
    <seq_id>12</seq_id>
    <asize>      33</asize>
    <rmsd>  5.07</rmsd>
    <q_scr>0.0283</q_scr>
  </result>

  <result id='1bh8A'>
    <pdbid>1bh8A</pdbid>
    <z_scr>    10.9</z_scr>
    <f_dme>   0.884</f_dme>
    <sw_cvr>  0.04</sw_cvr>
    <seq_id>11</seq_id>
    <asize>      45</asize>
    <rmsd>  7.85</rmsd>
    <q_scr>0.0353</q_scr>
  </result>

  <result id='1y4mC'>
    <pdbid>1y4mC</pdbid>
    <z_scr>    11.9</z_scr>
    <f_dme>   0.883</f_dme>
    <sw_cvr>  0.04</sw_cvr>
    <seq_id>4</seq_id>
    <asize>      45</asize>
    <rmsd>  8.53</rmsd>
    <q_scr>0.0352</q_scr>
  </result>

  <result id='3izbT'>
    <pdbid>3izbT</pdbid>
    <z_scr>    13.3</z_scr>
    <f_dme>   0.772</f_dme>
    <sw_cvr>  0.07</sw_cvr>
    <seq_id>8</seq_id>
    <asize>      77</asize>
    <rmsd>  6.99</rmsd>
    <q_scr>0.0527</q_scr>
  </result>

  <result id='3k1rB'>
    <pdbid>3k1rB</pdbid>
    <z_scr>    14.1</z_scr>
    <f_dme>   0.819</f_dme>
    <sw_cvr>  0.05</sw_cvr>
    <seq_id>7</seq_id>
    <asize>      59</asize>
    <rmsd>  7.28</rmsd>
    <q_scr>0.0429</q_scr>
  </result>

  <result id='2izyA'>
    <pdbid>2izyA</pdbid>
    <z_scr>    10.4</z_scr>
    <f_dme>   0.866</f_dme>
    <sw_cvr>  0.04</sw_cvr>
    <seq_id>2</seq_id>
    <asize>      47</asize>
    <rmsd>  5.85</rmsd>
    <q_scr>0.0361</q_scr>
  </result>

  <result id='2koeA'>
    <pdbid>2koeA</pdbid>
    <z_scr>    9.04</z_scr>
    <f_dme>   0.945</f_dme>
    <sw_cvr>  0.03</sw_cvr>
    <seq_id>6</seq_id>
    <asize>      34</asize>
    <rmsd>  5.25</rmsd>
    <q_scr>0.0285</q_scr>
  </result>

  <result id='3l32A'>
    <pdbid>3l32A</pdbid>
    <z_scr>    11.4</z_scr>
    <f_dme>   0.936</f_dme>
    <sw_cvr>  0.03</sw_cvr>
    <seq_id>0</seq_id>
    <asize>      35</asize>
    <rmsd>  6.09</rmsd>
    <q_scr>0.0290</q_scr>
  </result>

  <result id='2jujA'>
    <pdbid>2jujA</pdbid>
    <z_scr>    16.1</z_scr>
    <f_dme>   0.833</f_dme>
    <sw_cvr>  0.05</sw_cvr>
    <seq_id>15</seq_id>
    <asize>      54</asize>
    <rmsd>  6.98</rmsd>
    <q_scr>0.0399</q_scr>
  </result>

  <result id='1t0fD'>
    <pdbid>1t0fD</pdbid>
    <z_scr>    12.1</z_scr>
    <f_dme>   0.958</f_dme>
    <sw_cvr>  0.03</sw_cvr>
    <seq_id>16</seq_id>
    <asize>      32</asize>
    <rmsd>  5.65</rmsd>
    <q_scr>0.0272</q_scr>
  </result>

  <result id='3kxeB'>
    <pdbid>3kxeB</pdbid>
    <z_scr>    22.2</z_scr>
    <f_dme>   0.766</f_dme>
    <sw_cvr>  0.07</sw_cvr>
    <seq_id>11</seq_id>
    <asize>      76</asize>
    <rmsd>  4.83</rmsd>
    <q_scr>0.0516</q_scr>
  </result>

  <result id='1ldkE'>
    <pdbid>1ldkE</pdbid>
    <z_scr>    12.4</z_scr>
    <f_dme>   0.931</f_dme>
    <sw_cvr>  0.03</sw_cvr>
    <seq_id>11</seq_id>
    <asize>      35</asize>
    <rmsd>  8.46</rmsd>
    <q_scr>0.0289</q_scr>
  </result>

  <result id='1wudB'>
    <pdbid>1wudB</pdbid>
    <z_scr>    18.1</z_scr>
    <f_dme>   0.791</f_dme>
    <sw_cvr>  0.06</sw_cvr>
    <seq_id>12</seq_id>
    <asize>      64</asize>
    <rmsd>  5.27</rmsd>
    <q_scr>0.0449</q_scr>
  </result>

  <result id='3e21A'>
    <pdbid>3e21A</pdbid>
    <z_scr>    8.98</z_scr>
    <f_dme>   0.987</f_dme>
    <sw_cvr>  0.02</sw_cvr>
    <seq_id>14</seq_id>
    <asize>      28</asize>
    <rmsd>  3.73</rmsd>
    <q_scr>0.0245</q_scr>
  </result>

  <result id='2k85A'>
    <pdbid>2k85A</pdbid>
    <z_scr>    14.4</z_scr>
    <f_dme>   0.809</f_dme>
    <sw_cvr>  0.05</sw_cvr>
    <seq_id>3</seq_id>
    <asize>      58</asize>
    <rmsd>  4.79</rmsd>
    <q_scr>0.0416</q_scr>
  </result>

  <result id='2c5rD'>
    <pdbid>2c5rD</pdbid>
    <z_scr>    10.3</z_scr>
    <f_dme>    0.83</f_dme>
    <sw_cvr>  0.05</sw_cvr>
    <seq_id>8</seq_id>
    <asize>      52</asize>
    <rmsd> 10.93</rmsd>
    <q_scr>0.0383</q_scr>
  </result>

  <result id='1afoB'>
    <pdbid>1afoB</pdbid>
    <z_scr>    7.03</z_scr>
    <f_dme>   0.902</f_dme>
    <sw_cvr>  0.03</sw_cvr>
    <seq_id>3</seq_id>
    <asize>      38</asize>
    <rmsd>  7.24</rmsd>
    <q_scr>0.0304</q_scr>
  </result>

  <result id='1kjkA'>
    <pdbid>1kjkA</pdbid>
    <z_scr>    9.46</z_scr>
    <f_dme>   0.861</f_dme>
    <sw_cvr>  0.04</sw_cvr>
    <seq_id>11</seq_id>
    <asize>      45</asize>
    <rmsd>  7.99</rmsd>
    <q_scr>0.0343</q_scr>
  </result>

  <result id='1p3qQ'>
    <pdbid>1p3qQ</pdbid>
    <z_scr>    8.94</z_scr>
    <f_dme>   0.902</f_dme>
    <sw_cvr>  0.03</sw_cvr>
    <seq_id>8</seq_id>
    <asize>      37</asize>
    <rmsd>  6.06</rmsd>
    <q_scr>0.0296</q_scr>
  </result>

  <result id='2c52B'>
    <pdbid>2c52B</pdbid>
    <z_scr>    10.2</z_scr>
    <f_dme>       1</f_dme>
    <sw_cvr>  0.02</sw_cvr>
    <seq_id>8</seq_id>
    <asize>      26</asize>
    <rmsd>  3.81</rmsd>
    <q_scr>0.0230</q_scr>
  </result>

  <result id='2dmvA'>
    <pdbid>2dmvA</pdbid>
    <z_scr>    11.4</z_scr>
    <f_dme>       1</f_dme>
    <sw_cvr>  0.02</sw_cvr>
    <seq_id>8</seq_id>
    <asize>      26</asize>
    <rmsd>  4.52</rmsd>
    <q_scr>0.0230</q_scr>
  </result>

  <result id='2bw3B'>
    <pdbid>2bw3B</pdbid>
    <z_scr>    17.5</z_scr>
    <f_dme>   0.754</f_dme>
    <sw_cvr>  0.07</sw_cvr>
    <seq_id>8</seq_id>
    <asize>      75</asize>
    <rmsd>  5.28</rmsd>
    <q_scr>0.0501</q_scr>
  </result>

  <result id='1jkrC'>
    <pdbid>1jkrC</pdbid>
    <z_scr>    11.3</z_scr>
    <f_dme>   0.888</f_dme>
    <sw_cvr>  0.03</sw_cvr>
    <seq_id>10</seq_id>
    <asize>      39</asize>
    <rmsd>  8.77</rmsd>
    <q_scr>0.0307</q_scr>
  </result>

  <result id='2qdoC'>
    <pdbid>2qdoC</pdbid>
    <z_scr>      12</z_scr>
    <f_dme>   0.815</f_dme>
    <sw_cvr>  0.05</sw_cvr>
    <seq_id>11</seq_id>
    <asize>      54</asize>
    <rmsd>  8.20</rmsd>
    <q_scr>0.0390</q_scr>
  </result>

  <result id='3huiA'>
    <pdbid>3huiA</pdbid>
    <z_scr>    27.7</z_scr>
    <f_dme>   0.762</f_dme>
    <sw_cvr>  0.06</sw_cvr>
    <seq_id>11</seq_id>
    <asize>      71</asize>
    <rmsd>  6.49</rmsd>
    <q_scr>0.0479</q_scr>
  </result>

  <result id='2jpiA'>
    <pdbid>2jpiA</pdbid>
    <z_scr>    13.8</z_scr>
    <f_dme>   0.764</f_dme>
    <sw_cvr>  0.06</sw_cvr>
    <seq_id>3</seq_id>
    <asize>      70</asize>
    <rmsd>  4.73</rmsd>
    <q_scr>0.0474</q_scr>
  </result>

  <result id='2doeA'>
    <pdbid>2doeA</pdbid>
    <z_scr>      18</z_scr>
    <f_dme>   0.759</f_dme>
    <sw_cvr>  0.06</sw_cvr>
    <seq_id>7</seq_id>
    <asize>      71</asize>
    <rmsd>  4.33</rmsd>
    <q_scr>0.0478</q_scr>
  </result>

  <result id='2d9sB'>
    <pdbid>2d9sB</pdbid>
    <z_scr>    9.82</z_scr>
    <f_dme>   0.815</f_dme>
    <sw_cvr>  0.05</sw_cvr>
    <seq_id>11</seq_id>
    <asize>      53</asize>
    <rmsd>  8.42</rmsd>
    <q_scr>0.0383</q_scr>
  </result>

  <result id='2dyjA'>
    <pdbid>2dyjA</pdbid>
    <z_scr>    13.1</z_scr>
    <f_dme>   0.766</f_dme>
    <sw_cvr>  0.06</sw_cvr>
    <seq_id>10</seq_id>
    <asize>      68</asize>
    <rmsd>  4.65</rmsd>
    <q_scr>0.0462</q_scr>
  </result>

  <result id='2kngA'>
    <pdbid>2kngA</pdbid>
    <z_scr>    12.7</z_scr>
    <f_dme>   0.815</f_dme>
    <sw_cvr>  0.05</sw_cvr>
    <seq_id>19</seq_id>
    <asize>      52</asize>
    <rmsd>  8.73</rmsd>
    <q_scr>0.0376</q_scr>
  </result>

  <result id='2hepA'>
    <pdbid>2hepA</pdbid>
    <z_scr>    7.53</z_scr>
    <f_dme>   0.897</f_dme>
    <sw_cvr>  0.03</sw_cvr>
    <seq_id>6</seq_id>
    <asize>      36</asize>
    <rmsd>  7.68</rmsd>
    <q_scr>0.0286</q_scr>
  </result>

  <result id='1v92A'>
    <pdbid>1v92A</pdbid>
    <z_scr>    12.4</z_scr>
    <f_dme>   0.945</f_dme>
    <sw_cvr>  0.03</sw_cvr>
    <seq_id>13</seq_id>
    <asize>      30</asize>
    <rmsd>  3.82</rmsd>
    <q_scr>0.0251</q_scr>
  </result>

  <result id='2zdjA'>
    <pdbid>2zdjA</pdbid>
    <z_scr>    16.3</z_scr>
    <f_dme>   0.809</f_dme>
    <sw_cvr>  0.05</sw_cvr>
    <seq_id>8</seq_id>
    <asize>      53</asize>
    <rmsd>  7.23</rmsd>
    <q_scr>0.0380</q_scr>
  </result>

  <result id='1f4iA'>
    <pdbid>1f4iA</pdbid>
    <z_scr>    10.6</z_scr>
    <f_dme>   0.985</f_dme>
    <sw_cvr>  0.02</sw_cvr>
    <seq_id>4</seq_id>
    <asize>      26</asize>
    <rmsd>  4.03</rmsd>
    <q_scr>0.0227</q_scr>
  </result>

  <result id='2b9sB'>
    <pdbid>2b9sB</pdbid>
    <z_scr>      20</z_scr>
    <f_dme>    0.84</f_dme>
    <sw_cvr>  0.04</sw_cvr>
    <seq_id>9</seq_id>
    <asize>      45</asize>
    <rmsd> 10.69</rmsd>
    <q_scr>0.0335</q_scr>
  </result>

  <result id='2lmcA'>
    <pdbid>2lmcA</pdbid>
    <z_scr>    13.5</z_scr>
    <f_dme>   0.826</f_dme>
    <sw_cvr>  0.04</sw_cvr>
    <seq_id>6</seq_id>
    <asize>      48</asize>
    <rmsd>  6.17</rmsd>
    <q_scr>0.0352</q_scr>
  </result>

  <result id='1wmvA'>
    <pdbid>1wmvA</pdbid>
    <z_scr>    11.6</z_scr>
    <f_dme>   0.915</f_dme>
    <sw_cvr>  0.03</sw_cvr>
    <seq_id>9</seq_id>
    <asize>      33</asize>
    <rmsd>  6.75</rmsd>
    <q_scr>0.0268</q_scr>
  </result>

  <result id='1oeyB'>
    <pdbid>1oeyB</pdbid>
    <z_scr>    21.6</z_scr>
    <f_dme>   0.864</f_dme>
    <sw_cvr>  0.04</sw_cvr>
    <seq_id>8</seq_id>
    <asize>      40</asize>
    <rmsd>  6.08</rmsd>
    <q_scr>0.0306</q_scr>
  </result>

  <result id='1qxfA'>
    <pdbid>1qxfA</pdbid>
    <z_scr>    13.4</z_scr>
    <f_dme>    0.99</f_dme>
    <sw_cvr>  0.02</sw_cvr>
    <seq_id>12</seq_id>
    <asize>      25</asize>
    <rmsd>  5.68</rmsd>
    <q_scr>0.0219</q_scr>
  </result>

  <result id='2l0jB'>
    <pdbid>2l0jB</pdbid>
    <z_scr>    11.1</z_scr>
    <f_dme>   0.927</f_dme>
    <sw_cvr>  0.03</sw_cvr>
    <seq_id>6</seq_id>
    <asize>      31</asize>
    <rmsd>  6.26</rmsd>
    <q_scr>0.0255</q_scr>
  </result>

  <result id='2do6A'>
    <pdbid>2do6A</pdbid>
    <z_scr>    10.6</z_scr>
    <f_dme>   0.801</f_dme>
    <sw_cvr>  0.05</sw_cvr>
    <seq_id>11</seq_id>
    <asize>      53</asize>
    <rmsd>  8.92</rmsd>
    <q_scr>0.0376</q_scr>
  </result>

  <result id='3bd1C'>
    <pdbid>3bd1C</pdbid>
    <z_scr>    15.3</z_scr>
    <f_dme>   0.917</f_dme>
    <sw_cvr>  0.03</sw_cvr>
    <seq_id>12</seq_id>
    <asize>      32</asize>
    <rmsd>  6.19</rmsd>
    <q_scr>0.0260</q_scr>
  </result>

  <result id='2oo9C'>
    <pdbid>2oo9C</pdbid>
    <z_scr>       0</z_scr>
    <f_dme>       1</f_dme>
    <sw_cvr>  0.02</sw_cvr>
    <seq_id>17</seq_id>
    <asize>      24</asize>
    <rmsd>  3.32</rmsd>
    <q_scr>0.0213</q_scr>
  </result>

  <result id='2kvqE'>
    <pdbid>2kvqE</pdbid>
    <z_scr>    19.9</z_scr>
    <f_dme>   0.772</f_dme>
    <sw_cvr>  0.05</sw_cvr>
    <seq_id>16</seq_id>
    <asize>      61</asize>
    <rmsd>  6.82</rmsd>
    <q_scr>0.0417</q_scr>
  </result>

  <result id='1fyjA'>
    <pdbid>1fyjA</pdbid>
    <z_scr>    12.6</z_scr>
    <f_dme>   0.828</f_dme>
    <sw_cvr>  0.04</sw_cvr>
    <seq_id>9</seq_id>
    <asize>      46</asize>
    <rmsd>  9.81</rmsd>
    <q_scr>0.0338</q_scr>
  </result>

  <result id='3idwA'>
    <pdbid>3idwA</pdbid>
    <z_scr>    16.4</z_scr>
    <f_dme>   0.777</f_dme>
    <sw_cvr>  0.05</sw_cvr>
    <seq_id>5</seq_id>
    <asize>      59</asize>
    <rmsd>  7.75</rmsd>
    <q_scr>0.0407</q_scr>
  </result>

  <result id='1kbhA'>
    <pdbid>1kbhA</pdbid>
    <z_scr>    8.37</z_scr>
    <f_dme>   0.891</f_dme>
    <sw_cvr>  0.03</sw_cvr>
    <seq_id>17</seq_id>
    <asize>      35</asize>
    <rmsd>  7.20</rmsd>
    <q_scr>0.0276</q_scr>
  </result>

  <result id='1y7yB'>
    <pdbid>1y7yB</pdbid>
    <z_scr>    18.2</z_scr>
    <f_dme>   0.783</f_dme>
    <sw_cvr>  0.05</sw_cvr>
    <seq_id>11</seq_id>
    <asize>      57</asize>
    <rmsd>  7.49</rmsd>
    <q_scr>0.0396</q_scr>
  </result>

  <result id='2ksoA'>
    <pdbid>2ksoA</pdbid>
    <z_scr>    11.1</z_scr>
    <f_dme>   0.776</f_dme>
    <sw_cvr>  0.05</sw_cvr>
    <seq_id>10</seq_id>
    <asize>      59</asize>
    <rmsd>  7.62</rmsd>
    <q_scr>0.0406</q_scr>
  </result>

  <result id='3ntwA'>
    <pdbid>3ntwA</pdbid>
    <z_scr>    9.17</z_scr>
    <f_dme>   0.769</f_dme>
    <sw_cvr>  0.05</sw_cvr>
    <seq_id>10</seq_id>
    <asize>      61</asize>
    <rmsd>  8.77</rmsd>
    <q_scr>0.0416</q_scr>
  </result>

  <result id='1gp8A'>
    <pdbid>1gp8A</pdbid>
    <z_scr>    14.2</z_scr>
    <f_dme>   0.869</f_dme>
    <sw_cvr>  0.03</sw_cvr>
    <seq_id>18</seq_id>
    <asize>      38</asize>
    <rmsd>  8.40</rmsd>
    <q_scr>0.0293</q_scr>
  </result>

  <result id='1h3oA'>
    <pdbid>1h3oA</pdbid>
    <z_scr>    12.2</z_scr>
    <f_dme>   0.812</f_dme>
    <sw_cvr>  0.04</sw_cvr>
    <seq_id>12</seq_id>
    <asize>      49</asize>
    <rmsd>  7.14</rmsd>
    <q_scr>0.0353</q_scr>
  </result>

  <result id='2y9tA'>
    <pdbid>2y9tA</pdbid>
    <z_scr>    13.6</z_scr>
    <f_dme>   0.756</f_dme>
    <sw_cvr>  0.06</sw_cvr>
    <seq_id>6</seq_id>
    <asize>      65</asize>
    <rmsd>  6.72</rmsd>
    <q_scr>0.0436</q_scr>
  </result>

  <result id='2eq3A'>
    <pdbid>2eq3A</pdbid>
    <z_scr>    6.26</z_scr>
    <f_dme>   0.868</f_dme>
    <sw_cvr>  0.03</sw_cvr>
    <seq_id>11</seq_id>
    <asize>      38</asize>
    <rmsd>  6.75</rmsd>
    <q_scr>0.0292</q_scr>
  </result>

  <result id='3g5gG'>
    <pdbid>3g5gG</pdbid>
    <z_scr>    18.6</z_scr>
    <f_dme>   0.758</f_dme>
    <sw_cvr>  0.06</sw_cvr>
    <seq_id>3</seq_id>
    <asize>      64</asize>
    <rmsd>  7.35</rmsd>
    <q_scr>0.0430</q_scr>
  </result>

  <result id='3bhpB'>
    <pdbid>3bhpB</pdbid>
    <z_scr>    12.3</z_scr>
    <f_dme>   0.814</f_dme>
    <sw_cvr>  0.04</sw_cvr>
    <seq_id>8</seq_id>
    <asize>      48</asize>
    <rmsd> 10.79</rmsd>
    <q_scr>0.0346</q_scr>
  </result>

  <result id='2jnhA'>
    <pdbid>2jnhA</pdbid>
    <z_scr>    13.4</z_scr>
    <f_dme>   0.886</f_dme>
    <sw_cvr>  0.03</sw_cvr>
    <seq_id>6</seq_id>
    <asize>      35</asize>
    <rmsd>  5.41</rmsd>
    <q_scr>0.0275</q_scr>
  </result>

  <result id='2hh3A'>
    <pdbid>2hh3A</pdbid>
    <z_scr>    16.5</z_scr>
    <f_dme>   0.753</f_dme>
    <sw_cvr>  0.06</sw_cvr>
    <seq_id>9</seq_id>
    <asize>      65</asize>
    <rmsd>  5.14</rmsd>
    <q_scr>0.0434</q_scr>
  </result>

  <result id='2vxdA'>
    <pdbid>2vxdA</pdbid>
    <z_scr>    6.82</z_scr>
    <f_dme>   0.788</f_dme>
    <sw_cvr>  0.05</sw_cvr>
    <seq_id>7</seq_id>
    <asize>      54</asize>
    <rmsd>  9.56</rmsd>
    <q_scr>0.0377</q_scr>
  </result>

  <result id='2gjhA'>
    <pdbid>2gjhA</pdbid>
    <z_scr>    10.6</z_scr>
    <f_dme>   0.857</f_dme>
    <sw_cvr>  0.03</sw_cvr>
    <seq_id>18</seq_id>
    <asize>      39</asize>
    <rmsd> 11.14</rmsd>
    <q_scr>0.0296</q_scr>
  </result>

  <result id='2b68A'>
    <pdbid>2b68A</pdbid>
    <z_scr>    7.78</z_scr>
    <f_dme>   0.845</f_dme>
    <sw_cvr>  0.04</sw_cvr>
    <seq_id>5</seq_id>
    <asize>      41</asize>
    <rmsd>  6.15</rmsd>
    <q_scr>0.0307</q_scr>
  </result>

  <result id='2fomA'>
    <pdbid>2fomA</pdbid>
    <z_scr>    26.2</z_scr>
    <f_dme>   0.845</f_dme>
    <sw_cvr>  0.04</sw_cvr>
    <seq_id>10</seq_id>
    <asize>      41</asize>
    <rmsd>  6.88</rmsd>
    <q_scr>0.0307</q_scr>
  </result>

  <result id='3kupB'>
    <pdbid>3kupB</pdbid>
    <z_scr>    12.1</z_scr>
    <f_dme>   0.773</f_dme>
    <sw_cvr>  0.05</sw_cvr>
    <seq_id>5</seq_id>
    <asize>      58</asize>
    <rmsd>  9.00</rmsd>
    <q_scr>0.0397</q_scr>
  </result>

  <result id='1t08B'>
    <pdbid>1t08B</pdbid>
    <z_scr>    14.6</z_scr>
    <f_dme>    0.85</f_dme>
    <sw_cvr>  0.04</sw_cvr>
    <seq_id>12</seq_id>
    <asize>      40</asize>
    <rmsd>  9.73</rmsd>
    <q_scr>0.0301</q_scr>
  </result>

  <result id='1ff4A'>
    <pdbid>1ff4A</pdbid>
    <z_scr>       0</z_scr>
    <f_dme>       1</f_dme>
    <sw_cvr>  0.02</sw_cvr>
    <seq_id>9</seq_id>
    <asize>      23</asize>
    <rmsd>  4.66</rmsd>
    <q_scr>0.0204</q_scr>
  </result>

  <result id='3neqA'>
    <pdbid>3neqA</pdbid>
    <z_scr>       0</z_scr>
    <f_dme>       1</f_dme>
    <sw_cvr>  0.02</sw_cvr>
    <seq_id>13</seq_id>
    <asize>      23</asize>
    <rmsd>  4.62</rmsd>
    <q_scr>0.0204</q_scr>
  </result>

  <result id='1jmzG'>
    <pdbid>1jmzG</pdbid>
    <z_scr>    12.1</z_scr>
    <f_dme>   0.762</f_dme>
    <sw_cvr>  0.05</sw_cvr>
    <seq_id>7</seq_id>
    <asize>      61</asize>
    <rmsd>  7.40</rmsd>
    <q_scr>0.0412</q_scr>
  </result>

  <result id='2khhA'>
    <pdbid>2khhA</pdbid>
    <z_scr>    17.5</z_scr>
    <f_dme>   0.833</f_dme>
    <sw_cvr>  0.04</sw_cvr>
    <seq_id>9</seq_id>
    <asize>      43</asize>
    <rmsd>  7.36</rmsd>
    <q_scr>0.0317</q_scr>
  </result>

  <result id='2f44B'>
    <pdbid>2f44B</pdbid>
    <z_scr>    13.3</z_scr>
    <f_dme>   0.768</f_dme>
    <sw_cvr>  0.05</sw_cvr>
    <seq_id>7</seq_id>
    <asize>      59</asize>
    <rmsd>  7.23</rmsd>
    <q_scr>0.0402</q_scr>
  </result>

  <result id='1nvpB'>
    <pdbid>1nvpB</pdbid>
    <z_scr>    11.2</z_scr>
    <f_dme>   0.854</f_dme>
    <sw_cvr>  0.03</sw_cvr>
    <seq_id>3</seq_id>
    <asize>      39</asize>
    <rmsd>  7.50</rmsd>
    <q_scr>0.0295</q_scr>
  </result>

  <result id='1e79I'>
    <pdbid>1e79I</pdbid>
    <z_scr>    9.55</z_scr>
    <f_dme>   0.859</f_dme>
    <sw_cvr>  0.03</sw_cvr>
    <seq_id>16</seq_id>
    <asize>      38</asize>
    <rmsd>  5.92</rmsd>
    <q_scr>0.0289</q_scr>
  </result>

  <result id='1ywwA'>
    <pdbid>1ywwA</pdbid>
    <z_scr>    11.4</z_scr>
    <f_dme>   0.757</f_dme>
    <sw_cvr>  0.05</sw_cvr>
    <seq_id>5</seq_id>
    <asize>      62</asize>
    <rmsd>  5.82</rmsd>
    <q_scr>0.0416</q_scr>
  </result>
  </results><similarities>
	<similarity id="1afoB">
		<pdbid>1afoB</pdbid>
		<x>2.89849224193905</x>
		<y>2.96607820664682</y>
		<z>0.290603657429891</z>
	</similarity>
	<similarity id="1bh8A">
		<pdbid>1bh8A</pdbid>
		<x>8.38747986416587</x>
		<y>8.35403970975595</y>
		<z>-1.90896038751713</z>
	</similarity>
	<similarity id="1e79I">
		<pdbid>1e79I</pdbid>
		<x>-2.8777024204883</x>
		<y>-2.93790534760103</y>
		<z>1.41425611927266</z>
	</similarity>
	<similarity id="1f4iA">
		<pdbid>1f4iA</pdbid>
		<x>5.70857278029321</x>
		<y>5.70721329858955</y>
		<z>-0.262483448299694</z>
	</similarity>
	<similarity id="1ff4A">
		<pdbid>1ff4A</pdbid>
		<x>-17.2310150757666</x>
		<y>-17.6368090693209</y>
		<z>-0.727793772642539</z>
	</similarity>
	<similarity id="1fyjA">
		<pdbid>1fyjA</pdbid>
		<x>5.36759755890322</x>
		<y>5.41825669313547</y>
		<z>-0.279265866824604</z>
	</similarity>
	<similarity id="1gccA">
		<pdbid>1gccA</pdbid>
		<x>-6.85057579993056</x>
		<y>-6.49123355694085</y>
		<z>1.5360500035698</z>
	</similarity>
	<similarity id="1gp8A">
		<pdbid>1gp8A</pdbid>
		<x>6.61764372975956</x>
		<y>6.59152777539342</y>
		<z>1.87282728474164</z>
	</similarity>
	<similarity id="1h3oA">
		<pdbid>1h3oA</pdbid>
		<x>6.07931044739159</x>
		<y>6.07120842831642</y>
		<z>-1.30367143053005</z>
	</similarity>
	<similarity id="1hn3A">
		<pdbid>1hn3A</pdbid>
		<x>0.832577728277829</x>
		<y>0.578823891481283</y>
		<z>0.759821371760069</z>
	</similarity>
	<similarity id="1i5hW">
		<pdbid>1i5hW</pdbid>
		<x>-18.5214228087566</x>
		<y>-18.2202430776136</y>
		<z>0.190544523783922</z>
	</similarity>
	<similarity id="1jkrC">
		<pdbid>1jkrC</pdbid>
		<x>3.3795377194846</x>
		<y>3.32355646645215</y>
		<z>-1.43649205549567</z>
	</similarity>
	<similarity id="1jmzG">
		<pdbid>1jmzG</pdbid>
		<x>-11.8137352350783</x>
		<y>-12.036048905996</y>
		<z>-2.03495631569875</z>
	</similarity>
	<similarity id="1kbhA">
		<pdbid>1kbhA</pdbid>
		<x>1.67530270685118</x>
		<y>1.50187883590893</y>
		<z>1.0022894367689</z>
	</similarity>
	<similarity id="1kjkA">
		<pdbid>1kjkA</pdbid>
		<x>-5.66544604468763</x>
		<y>-5.12015326698751</y>
		<z>1.70680759403934</z>
	</similarity>
	<similarity id="1ldkE">
		<pdbid>1ldkE</pdbid>
		<x>3.48225136297979</x>
		<y>3.49788759651103</y>
		<z>-1.50891229781275</z>
	</similarity>
	<similarity id="1nvpB">
		<pdbid>1nvpB</pdbid>
		<x>8.54724520168011</x>
		<y>8.63341951509003</y>
		<z>1.31968582577395</z>
	</similarity>
	<similarity id="1oeyB">
		<pdbid>1oeyB</pdbid>
		<x>-3.24762404877088</x>
		<y>-3.27444428137889</y>
		<z>-1.6798675656454</z>
	</similarity>
	<similarity id="1ojhE">
		<pdbid>1ojhE</pdbid>
		<x>6.63848896663785</x>
		<y>6.61308066758558</y>
		<z>-1.24553972085032</z>
	</similarity>
	<similarity id="1p3qQ">
		<pdbid>1p3qQ</pdbid>
		<x>4.31980386407355</x>
		<y>4.37064012291157</y>
		<z>0.976929860716559</z>
	</similarity>
	<similarity id="1qxfA">
		<pdbid>1qxfA</pdbid>
		<x>-17.7357467977674</x>
		<y>-17.7448621536324</y>
		<z>-0.35612748225378</z>
	</similarity>
	<similarity id="1rl5A">
		<pdbid>1rl5A</pdbid>
		<x>-17.2855686931522</x>
		<y>-17.6890572571143</y>
		<z>-0.827993719805323</z>
	</similarity>
	<similarity id="1t08B">
		<pdbid>1t08B</pdbid>
		<x>7.28067900210627</x>
		<y>7.35964481175522</y>
		<z>0.196104580841311</z>
	</similarity>
	<similarity id="1t0fD">
		<pdbid>1t0fD</pdbid>
		<x>-8.63939000249008</x>
		<y>-8.77476715753495</y>
		<z>-4.74328184354086</z>
	</similarity>
	<similarity id="1th5A">
		<pdbid>1th5A</pdbid>
		<x>0.289659015445581</x>
		<y>0.270143969194276</y>
		<z>5.28232946087105</z>
	</similarity>
	<similarity id="1u7jA">
		<pdbid>1u7jA</pdbid>
		<x>7.00502865992735</x>
		<y>7.04976174414497</y>
		<z>0.963445993626821</z>
	</similarity>
	<similarity id="1v92A">
		<pdbid>1v92A</pdbid>
		<x>7.45015142329873</x>
		<y>7.50832855731022</y>
		<z>-0.279374446024202</z>
	</similarity>
	<similarity id="1wh9A">
		<pdbid>1wh9A</pdbid>
		<x>0.559708373765495</x>
		<y>0.505918559961681</y>
		<z>3.70813386223817</z>
	</similarity>
	<similarity id="1wmvA">
		<pdbid>1wmvA</pdbid>
		<x>-18.1163956975747</x>
		<y>-17.7883337771583</y>
		<z>0.414242251159242</z>
	</similarity>
	<similarity id="1wudB">
		<pdbid>1wudB</pdbid>
		<x>4.75776725040353</x>
		<y>4.83144874250504</y>
		<z>-0.104816498809109</z>
	</similarity>
	<similarity id="1xhjA">
		<pdbid>1xhjA</pdbid>
		<x>2.73685216675209</x>
		<y>2.75873955051746</y>
		<z>2.3152505171014</z>
	</similarity>
	<similarity id="1y4mC">
		<pdbid>1y4mC</pdbid>
		<x>0.985089543412738</x>
		<y>0.963903081653987</y>
		<z>1.28973077200701</z>
	</similarity>
	<similarity id="1y7yB">
		<pdbid>1y7yB</pdbid>
		<x>5.50210765842105</x>
		<y>5.50478255929003</y>
		<z>-0.529035103385439</z>
	</similarity>
	<similarity id="1ywwA">
		<pdbid>1ywwA</pdbid>
		<x>5.0650575848669</x>
		<y>5.02188845157176</y>
		<z>0.415695299065278</z>
	</similarity>
	<similarity id="1z09A">
		<pdbid>1z09A</pdbid>
		<x>1.16419081856168</x>
		<y>1.08716515230336</y>
		<z>0.738345667194639</z>
	</similarity>
	<similarity id="2a2lD">
		<pdbid>2a2lD</pdbid>
		<x>3.86522799161532</x>
		<y>4.01210165772437</y>
		<z>0.084681088073594</z>
	</similarity>
	<similarity id="2b68A">
		<pdbid>2b68A</pdbid>
		<x>-11.159202214528</x>
		<y>-11.3718645439384</y>
		<z>1.80965164282902</z>
	</similarity>
	<similarity id="2b7eA">
		<pdbid>2b7eA</pdbid>
		<x>5.30735444510954</x>
		<y>5.15140538973533</y>
		<z>0.0436223264848929</z>
	</similarity>
	<similarity id="2b9sB">
		<pdbid>2b9sB</pdbid>
		<x>0.0819377857733418</x>
		<y>0.0571850181332804</y>
		<z>-1.64327685765029</z>
	</similarity>
	<similarity id="2bw3B">
		<pdbid>2bw3B</pdbid>
		<x>2.26581939306374</x>
		<y>2.20467070399707</y>
		<z>-1.0707009147893</z>
	</similarity>
	<similarity id="2c52B">
		<pdbid>2c52B</pdbid>
		<x>-4.19713235158741</x>
		<y>-4.43384996607774</y>
		<z>0.455467439161906</z>
	</similarity>
	<similarity id="2c5rD">
		<pdbid>2c5rD</pdbid>
		<x>4.27801409889808</x>
		<y>4.19999034136623</y>
		<z>-1.87006483376264</z>
	</similarity>
	<similarity id="2d9sB">
		<pdbid>2d9sB</pdbid>
		<x>2.89660823654332</x>
		<y>2.75654765016756</y>
		<z>0.796504898043824</z>
	</similarity>
	<similarity id="2dmvA">
		<pdbid>2dmvA</pdbid>
		<x>-18.1419163447497</x>
		<y>-17.8003777135542</y>
		<z>0.244653103863489</z>
	</similarity>
	<similarity id="2do6A">
		<pdbid>2do6A</pdbid>
		<x>2.65888182717686</x>
		<y>2.50462386633445</y>
		<z>0.539786419684061</z>
	</similarity>
	<similarity id="2doeA">
		<pdbid>2doeA</pdbid>
		<x>3.1100734985088</x>
		<y>2.92766420195961</y>
		<z>0.166649458796124</z>
	</similarity>
	<similarity id="2dyjA">
		<pdbid>2dyjA</pdbid>
		<x>2.95994495330268</x>
		<y>3.06931006670734</y>
		<z>1.3946966325746</z>
	</similarity>
	<similarity id="2e30B">
		<pdbid>2e30B</pdbid>
		<x>-1.87219703512181</x>
		<y>-1.82408299860682</y>
		<z>1.01816823004184</z>
	</similarity>
	<similarity id="2eq3A">
		<pdbid>2eq3A</pdbid>
		<x>-13.4230154163188</x>
		<y>-13.4081981560232</y>
		<z>0.255645069239977</z>
	</similarity>
	<similarity id="2f44B">
		<pdbid>2f44B</pdbid>
		<x>4.71164193898599</x>
		<y>4.65565566645618</y>
		<z>-1.10870656152308</z>
	</similarity>
	<similarity id="2fomA">
		<pdbid>2fomA</pdbid>
		<x>-15.7847922422445</x>
		<y>-16.0542461768645</y>
		<z>-0.395932893441138</z>
	</similarity>
	<similarity id="2gjhA">
		<pdbid>2gjhA</pdbid>
		<x>-3.31104414375916</x>
		<y>-3.1674092600913</y>
		<z>2.52364823033503</z>
	</similarity>
	<similarity id="2hepA">
		<pdbid>2hepA</pdbid>
		<x>8.12239609710049</x>
		<y>8.16487549132419</y>
		<z>1.21476522154759</z>
	</similarity>
	<similarity id="2hh3A">
		<pdbid>2hh3A</pdbid>
		<x>3.17058557947903</x>
		<y>3.18941290819495</y>
		<z>-1.08948209937812</z>
	</similarity>
	<similarity id="2izyA">
		<pdbid>2izyA</pdbid>
		<x>6.53423307812156</x>
		<y>6.43559418277487</y>
		<z>-0.312746069309578</z>
	</similarity>
	<similarity id="2j6dA">
		<pdbid>2j6dA</pdbid>
		<x>-16.5719629579459</x>
		<y>-16.4553355814019</y>
		<z>-0.148587061826309</z>
	</similarity>
	<similarity id="2jnhA">
		<pdbid>2jnhA</pdbid>
		<x>5.78464424672807</x>
		<y>5.74521780449299</y>
		<z>-0.474751337043137</z>
	</similarity>
	<similarity id="2jnvA">
		<pdbid>2jnvA</pdbid>
		<x>2.80957836684646</x>
		<y>2.83558820237136</y>
		<z>2.93655458535062</z>
	</similarity>
	<similarity id="2jpiA">
		<pdbid>2jpiA</pdbid>
		<x>-4.25925701367248</x>
		<y>-4.22738375939474</y>
		<z>1.66033579489645</z>
	</similarity>
	<similarity id="2jucA">
		<pdbid>2jucA</pdbid>
		<x>3.99225829380351</x>
		<y>3.77266158359309</y>
		<z>0.946653425071211</z>
	</similarity>
	<similarity id="2jujA">
		<pdbid>2jujA</pdbid>
		<x>3.83790754284373</x>
		<y>3.80007230999724</y>
		<z>-1.41500747907834</z>
	</similarity>
	<similarity id="2k7iA">
		<pdbid>2k7iA</pdbid>
		<x>-8.69194553774981</x>
		<y>-8.48739130241816</y>
		<z>0.85751897415927</z>
	</similarity>
	<similarity id="2k85A">
		<pdbid>2k85A</pdbid>
		<x>5.48762108641642</x>
		<y>5.36339418723709</y>
		<z>0.676646045854953</z>
	</similarity>
	<similarity id="2khhA">
		<pdbid>2khhA</pdbid>
		<x>3.27701816260878</x>
		<y>3.18870710801737</y>
		<z>0.0225995229035363</z>
	</similarity>
	<similarity id="2kngA">
		<pdbid>2kngA</pdbid>
		<x>2.20641476080632</x>
		<y>2.19535975291762</y>
		<z>-1.20361156608762</z>
	</similarity>
	<similarity id="2koeA">
		<pdbid>2koeA</pdbid>
		<x>3.36870940589487</x>
		<y>3.39117515475775</y>
		<z>2.01727228874035</z>
	</similarity>
	<similarity id="2ksoA">
		<pdbid>2ksoA</pdbid>
		<x>4.75145528085506</x>
		<y>4.69922652256107</y>
		<z>-2.30715198963861</z>
	</similarity>
	<similarity id="2kvqE">
		<pdbid>2kvqE</pdbid>
		<x>-1.71914815867879</x>
		<y>-1.59273200019912</y>
		<z>-0.11380307981618</z>
	</similarity>
	<similarity id="2kwiB">
		<pdbid>2kwiB</pdbid>
		<x>6.20285505024628</x>
		<y>6.17443477069744</y>
		<z>0.619635679151988</z>
	</similarity>
	<similarity id="2l0jB">
		<pdbid>2l0jB</pdbid>
		<x>6.01537656704282</x>
		<y>6.05234774824164</y>
		<z>1.10493824554963</z>
	</similarity>
	<similarity id="2l4jA">
		<pdbid>2l4jA</pdbid>
		<x>-18.3245390083836</x>
		<y>-18.0409544012688</y>
		<z>0.27125919690883</z>
	</similarity>
	<similarity id="2lmcA">
		<pdbid>2lmcA</pdbid>
		<x>-5.40263282067769</x>
		<y>-5.33251585819481</y>
		<z>0.133497934327411</z>
	</similarity>
	<similarity id="2oo9C">
		<pdbid>2oo9C</pdbid>
		<x>8.0919935048674</x>
		<y>8.13259744361899</y>
		<z>-0.383571158974578</z>
	</similarity>
	<similarity id="2qdoC">
		<pdbid>2qdoC</pdbid>
		<x>5.00787686446901</x>
		<y>4.96007813173873</y>
		<z>-1.48020078142092</z>
	</similarity>
	<similarity id="2vxdA">
		<pdbid>2vxdA</pdbid>
		<x>5.32906865509484</x>
		<y>5.25807214505345</y>
		<z>0.509054511110008</z>
	</similarity>
	<similarity id="2y9tA">
		<pdbid>2y9tA</pdbid>
		<x>2.35094330319509</x>
		<y>2.35750719655946</y>
		<z>-3.18958583354327</z>
	</similarity>
	<similarity id="2yf2D">
		<pdbid>2yf2D</pdbid>
		<x>7.18079080244654</x>
		<y>7.21880963624088</y>
		<z>-0.0225442704119621</z>
	</similarity>
	<similarity id="2zdjA">
		<pdbid>2zdjA</pdbid>
		<x>-10.6739512064879</x>
		<y>-10.7422985921896</y>
		<z>-0.87312832522483</z>
	</similarity>
	<similarity id="3bd1C">
		<pdbid>3bd1C</pdbid>
		<x>3.61514384537351</x>
		<y>3.6074587654087</y>
		<z>-1.83112962465821</z>
	</similarity>
	<similarity id="3bhpB">
		<pdbid>3bhpB</pdbid>
		<x>8.27504948999068</x>
		<y>8.27995579243483</y>
		<z>-0.766132966281986</z>
	</similarity>
	<similarity id="3bidD">
		<pdbid>3bidD</pdbid>
		<x>-8.05721837472498</x>
		<y>-7.71859414166089</y>
		<z>0.618257594143423</z>
	</similarity>
	<similarity id="3e21A">
		<pdbid>3e21A</pdbid>
		<x>6.64053888948347</x>
		<y>6.58797397442205</y>
		<z>-0.785921667871284</z>
	</similarity>
	<similarity id="3fpvA">
		<pdbid>3fpvA</pdbid>
		<x>5.07267131963246</x>
		<y>4.94420455130706</y>
		<z>-0.172519821110956</z>
	</similarity>
	<similarity id="3g5gG">
		<pdbid>3g5gG</pdbid>
		<x>5.63482786185493</x>
		<y>5.64642912584818</y>
		<z>-1.45679641485264</z>
	</similarity>
	<similarity id="3huiA">
		<pdbid>3huiA</pdbid>
		<x>-8.09335754264416</x>
		<y>-7.87007528395375</y>
		<z>-3.27526502536153</z>
	</similarity>
	<similarity id="3idwA">
		<pdbid>3idwA</pdbid>
		<x>4.87026230095495</x>
		<y>4.8274601063753</y>
		<z>-0.867763396108212</z>
	</similarity>
	<similarity id="3izbT">
		<pdbid>3izbT</pdbid>
		<x>2.53465756574343</x>
		<y>2.49928035565547</y>
		<z>0.429945188897135</z>
	</similarity>
	<similarity id="3k1rB">
		<pdbid>3k1rB</pdbid>
		<x>4.46244162885454</x>
		<y>4.45358159944636</y>
		<z>-3.47625105880926</z>
	</similarity>
	<similarity id="3kupB">
		<pdbid>3kupB</pdbid>
		<x>-7.2273089755238</x>
		<y>-7.04833931707909</y>
		<z>-0.915583641604216</z>
	</similarity>
	<similarity id="3kxeB">
		<pdbid>3kxeB</pdbid>
		<x>2.64100556742678</x>
		<y>2.65268618682374</y>
		<z>-0.237252037330428</z>
	</similarity>
	<similarity id="3kyeB">
		<pdbid>3kyeB</pdbid>
		<x>2.25134300038216</x>
		<y>2.22517469982925</y>
		<z>1.37590315535503</z>
	</similarity>
	<similarity id="3l32A">
		<pdbid>3l32A</pdbid>
		<x>9.59398356989487</x>
		<y>9.71483082196357</y>
		<z>0.396117162910409</z>
	</similarity>
	<similarity id="3l7hC">
		<pdbid>3l7hC</pdbid>
		<x>1.2300711116391</x>
		<y>1.18670091103177</y>
		<z>-0.199416215570454</z>
	</similarity>
	<similarity id="3neqA">
		<pdbid>3neqA</pdbid>
		<x>-16.7216103201906</x>
		<y>-17.1210473084147</y>
		<z>-0.638288312870096</z>
	</similarity>
	<similarity id="3ntwA">
		<pdbid>3ntwA</pdbid>
		<x>6.22099594838286</x>
		<y>6.17862609833782</y>
		<z>-0.108822854380434</z>
	</similarity>
	<similarity id="3o6qB">
		<pdbid>3o6qB</pdbid>
		<x>-3.67680202905713</x>
		<y>-3.59641282903156</y>
		<z>-0.23894039994336</z>
	</similarity>
	<similarity id="3r2nC">
		<pdbid>3r2nC</pdbid>
		<x>-0.0944890856496468</x>
		<y>0.169893800928065</y>
		<z>0.669221314464904</z>
	</similarity>
	<similarity id="3t12C">
		<pdbid>3t12C</pdbid>
		<x>2.51711649501116</x>
		<y>2.58268015174761</y>
		<z>0.370832983007957</z>
	</similarity>
	<similarity id="3v1cB">
		<pdbid>3v1cB</pdbid>
		<x>7.0973064888863</x>
		<y>7.1402029721134</y>
		<z>-0.189149639618002</z>
	</similarity>
	<similarity id="4a9zC">
		<pdbid>4a9zC</pdbid>
		<x>0.34290383340458</x>
		<y>0.346203897010583</y>
		<z>0.933380698985882</z>
	</similarity>
</similarities>
</query>